# /home/johnbrittain/Documents/John/work/Ames_National_Labs/Automated_Chem_Bench/rxnbench/frontend/.venv/bin/python3 /home/johnbrittain/Documents/John/work/Ames_National_Labs/Automated_Chem_Bench/rxnbench/backend/client/scripts/record_ph_traces.py
# started 2026-07-22T11:31:58.056861

Calibrating probe (3 points) before recording...
Note: the pH probe must be fully submerged and the buffer well-mixed before each reading; increase the buffer volume or engagement depth if it is not.
Clearing any prior calibration...
Traceback (most recent call last):
  File "/home/johnbrittain/Documents/John/work/Ames_National_Labs/Automated_Chem_Bench/rxnbench/frontend/.venv/lib/python3.12/site-packages/sila2/client/utils.py", line 57, in call_rpc_function
    response_msg, _ = rpc_func.with_call(parameter_message, metadata=grpc_metadata)
                      ^^^^^^^^^^^^^^^^^^^^^^^^^^^^^^^^^^^^^^^^^^^^^^^^^^^^^^^^^^^^^
  File "/home/johnbrittain/Documents/John/work/Ames_National_Labs/Automated_Chem_Bench/rxnbench/frontend/.venv/lib/python3.12/site-packages/grpc/_channel.py", line 1173, in with_call
    return _end_unary_response_blocking(state, call, True, None)
           ^^^^^^^^^^^^^^^^^^^^^^^^^^^^^^^^^^^^^^^^^^^^^^^^^^^^^
  File "/home/johnbrittain/Documents/John/work/Ames_National_Labs/Automated_Chem_Bench/rxnbench/frontend/.venv/lib/python3.12/site-packages/grpc/_channel.py", line 990, in _end_unary_response_blocking
    raise _InactiveRpcError(state)  # pytype: disable=not-instantiable
    ^^^^^^^^^^^^^^^^^^^^^^^^^^^^^^
grpc._channel._InactiveRpcError: <_InactiveRpcError of RPC that terminated with:
	status = StatusCode.ABORTED
	details = "GogBCoUBSFRUUEVycm9yOiA0MDAgQ2xpZW50IEVycm9yOiBNdXN0IGhvbWUgYXhpcyBmaXJzdDogMC4wMDAgMC4wMDAgMTM0LjAwMCBbMC4wMDBdIGZvciB1cmw6IGh0dHA6Ly8xOTIuMTY4LjEwLjI6NzEyNS9wcmludGVyL2djb2RlL3NjcmlwdA=="
	debug_error_string = "ABORTED:GogBCoUBSFRUUEVycm9yOiA0MDAgQ2xpZW50IEVycm9yOiBNdXN0IGhvbWUgYXhpcyBmaXJzdDogMC4wMDAgMC4wMDAgMTM0LjAwMCBbMC4wMDBdIGZvciB1cmw6IGh0dHA6Ly8xOTIuMTY4LjEwLjI6NzEyNS9wcmludGVyL2djb2RlL3NjcmlwdA=="
>

During handling of the above exception, another exception occurred:

Traceback (most recent call last):
  File "/home/johnbrittain/Documents/John/work/Ames_National_Labs/Automated_Chem_Bench/rxnbench/backend/client/scripts/record_ph_traces.py", line 174, in <module>
    main()
  File "/home/johnbrittain/Documents/John/work/Ames_National_Labs/Automated_Chem_Bench/rxnbench/backend/client/scripts/record_ph_traces.py", line 157, in main
    calibrate_probe(bench)
  File "/home/johnbrittain/Documents/John/work/Ames_National_Labs/Automated_Chem_Bench/rxnbench/backend/client/scripts/record_ph_traces.py", line 140, in calibrate_probe
    calibrate_point(bench, point, well, known_ph)
  File "/home/johnbrittain/Documents/John/work/Ames_National_Labs/Automated_Chem_Bench/rxnbench/backend/client/scripts/record_ph_traces.py", line 107, in calibrate_point
    bench.gantry.move_to_well(well)
  File "/home/johnbrittain/Documents/John/work/Ames_National_Labs/Automated_Chem_Bench/rxnbench/backend/client/src/rxn_bench_client/instruments.py", line 305, in move_to_well
    self._g.Gantry.MoveToWell(
  File "/home/johnbrittain/Documents/John/work/Ames_National_Labs/Automated_Chem_Bench/rxnbench/frontend/.venv/lib/python3.12/site-packages/sila2/client/client_unobservable_command.py", line 46, in __call__
    response_msg = call_rpc_function(
                   ^^^^^^^^^^^^^^^^^^
  File "/home/johnbrittain/Documents/John/work/Ames_National_Labs/Automated_Chem_Bench/rxnbench/frontend/.venv/lib/python3.12/site-packages/sila2/client/utils.py", line 62, in call_rpc_function
    raise rpcerror_to_silaerror(ex, allowed_errors, client)
sila2.framework.errors.undefined_execution_error.UndefinedExecutionError: HTTPError: 400 Client Error: Must home axis first: 0.000 0.000 134.000 [0.000] for url: http://192.168.10.2:7125/printer/gcode/script

# Exited (1) - 2026-07-22T11:31:59.216984
